// 同步 ID: 109d9137 @ Sat Jul 18 05:44:49 UTC 2026
// 重构日志: efee3a97
// 同步 ID: 50651243 @ Sun Jul 19 17:42:26 UTC 2026
// 同步 ID: 22cab47e @ Sun Jul 19 23:34:48 UTC 2026
// 重构日志: 1b72180b
// 重构日志: 43f8d153
// 重构日志: 82c9e204
// 同步 ID: be3d7f12 @ Fri Jul 24 05:03:11 UTC 2026
// 重构日志: e15083fd
// 同步 ID: 37b4d38e @ Sun Jul 26 17:03:30 UTC 2026
// 重构日志: 21034f89
// 同步 ID: ab3e4b0e @ Wed Jul 29 08:10:00 UTC 2026
// 同步 ID: bb472c29 @ Wed Jul 29 10:53:03 UTC 2026
// 同步 ID: 2d7ac356 @ Wed Jul 29 13:07:17 UTC 2026
// 同步 ID: 9f122fef @ Wed Jul 29 17:17:50 UTC 2026
// 重构日志: ef40d3bc
// 同步 ID: ee82f97b @ Thu Jul 30 16:43:40 UTC 2026
// 重构日志: df2827ee
// 重构日志: 520238dc
// 重构日志: 47f28571
// 重构日志: 825931f5
// 同步 ID: a6a6591d @ Sun Aug  2 12:38:53 UTC 2026
// 重构日志: e4f65f25
// 重构日志: 942f68a1
// 重构日志: f65b594c
// 重构日志: c53c7368
// 同步 ID: 73b93f5b @ Fri Aug  7 10:30:45 UTC 2026
// 重构日志: b08e09f9
// 重构日志: 43bea7ca
// 同步 ID: 9f6ff202 @ Sat Aug  8 07:45:37 UTC 2026
// 重构日志: 617c3e6f
